Note: Google Test filter = SaveVictoryTest.AnalyzeSave1DAT
[==========] Running 1 test from 1 test suite.
[----------] Global test environment set-up.
[----------] 1 test from SaveVictoryTest
[ RUN      ] SaveVictoryTest.AnalyzeSave1DAT
